{
  "L1_text": ":results:",
  "L2_text": "| Name    | Age | City          | Score |",
  "L3_text": "|---------+-----+---------------+-------|",
  "L4_text": "| Joe     |  44 | New York      |  92.5 |",
  "L5_text": "| Eva     |  32 | San Francisco |  88.0 |",
  "L6_text": "| Charlie |  33 | Boston        |  95.2 |",
  "L7_text": "| David   |  33 | Paris         |  78.9 |",
  "L8_text": "| Eva     |  22 | Tokyo         |  90.1 |",
  "L9_text": ":end:"
}
