{
  "L1_text": ":results:",
  "L2_text": "| idx | A |",
  "L3_text": "|-----+---|",
  "L4_text": "|   0 | 0 |",
  "L5_text": "|   1 | 1 |",
  "L6_text": "|   2 | 2 |",
  "L7_text": "|   3 | 3 |",
  "L8_text": "|   4 | 4 |",
  "L9_text": "|   5 | 5 |",
  "L10_text": "|   6 | 6 |",
  "L11_text": "|   7 | 7 |",
  "L12_text": "|   8 | 8 |",
  "L13_text": "|   9 | 9 |",
  "L14_text": ":end:"
}
