{
  "L1_text": ":results:",
  "L2_text": "| idx |  A |",
  "L3_text": "|-----+----|",
  "L4_text": "|   0 |  0 |",
  "L5_text": "|   1 |  1 |",
  "L6_text": "|   2 |  2 |",
  "L7_text": "|   3 |  3 |",
  "L8_text": "|   4 |  4 |",
  "L9_text": "|   5 |  5 |",
  "L10_text": "|   6 |  6 |",
  "L11_text": "|   7 |  7 |",
  "L12_text": "|   8 |  8 |",
  "L13_text": "|   9 |  9 |",
  "L14_text": "|  10 | 10 |",
  "L15_text": "|  11 | 11 |",
  "L16_text": "|  12 | 12 |",
  "L17_text": "|  13 | 13 |",
  "L18_text": "|  14 | 14 |",
  "L19_text": "|  15 | 15 |",
  "L20_text": "|  16 | 16 |",
  "L21_text": "|  17 | 17 |",
  "L22_text": "|  18 | 18 |",
  "L23_text": "|  19 | 19 |",
  "L24_text": ":end:"
}
