{
  "L1_text": ":results:",
  "L2_text": "| idx | Name    | Age | City          | Score |",
  "L3_text": "|-----+---------+-----+---------------+-------|",
  "L4_text": "|   0 | Joe     |  44 | New York      |  92.5 |",
  "L5_text": "|   1 | Eva     |  32 | San Francisco |  88.0 |",
  "L6_text": "|   2 | Charlie |  33 | Boston        |  95.2 |",
  "L7_text": "|   3 | David   |  33 | Paris         |  78.9 |",
  "L8_text": "|   4 | Eva     |  22 | Tokyo         |  90.1 |",
  "L9_text": "Space between dataframes",
  "L10_text": "| idx  |Name|Age|City|Score |",
  "L11_text": "|-----------------------------------|",
  "L12_text": "| 0|Joe|44|New York|92.5 |",
  "L13_text": "| 1|Eva|32|San Francisco|88.0 |",
  "L14_text": "| 2|Charlie|33|Boston|95.2 |",
  "L15_text": "| 3|David|33|Paris|78.9 |",
  "L16_text": "| 4|Eva|22|Tokyo|90.1 |",
  "L17_text": ":end:"
}
