{
  "L1_text": ":results:",
  "L2_text": "Cell Timer: 0:00:00",
  "L3_text": ":end:"
}
