{
  "L1_text": ":results:",
  "L2_text": "2",
  "L3_text": "Cell Timer: 0:00:03",
  "L4_text": ":end:"
}
