{
  "L1_text": ":results:",
  "L2_text": "1",
  "L3_text": ":end:"
}
